---
source: bakkie/tests/tools.rs
expression: t
---
{
  "name": "get_weather",
  "title": "Weather Information Provider",
  "description": "Get current weather information",
  "inputSchema": {
    "$schema": "https://json-schema.org/draft/2020-12/schema",
    "title": "City",
    "type": "object",
    "properties": {
      "location": {
        "type": "string"
      }
    },
    "required": [
      "location"
    ]
  }
}
